Using Layer [28*28, 30, 10]      alpha(learning_rate = 0.2)    epochs=100000

Training Set Size       Test Set Size     Accurracy

1600                    100               71.7%

2500                    100               72.8%

3025                    100               74.3%



Using Layer [28*28, 60, 30, 10]  alpha(learning_rate = 0.2)    epochs=100000

Training Set Size       Test Set Size     Accurracy

1600                    100               68.5%


Using Layer [28*28, 60, 30, 10]  alpha(learning_rate = 0.1)    epochs=100000


Training Set Size       Test Set Size     Accurracy

1600                    100               73.3%


Using Layer [28*28, 60, 30, 10]  alpha(learning_rate = 0.05)    epochs=100000


Training Set Size       Test Set Size     Accurracy

1600                    100               72.4%




Using Layer [28*28, 60, 30, 10]  alpha(learning_rate = 0.1)    epochs=100000


Training Set Size       Test Set Size     Accurracy

3600                    100               73.6%


Using Layer [28*28, 60, 30, 10]  alpha(learning_rate = 0.12)    epochs=100000


Training Set Size       Test Set Size     Accurracy

3600                    400               74.3%


Using Layer [28*28, 60, 30, 10]  alpha(learning_rate = 0.12)    epochs=200000


Training Set Size       Test Set Size     Accurracy

3600                    400               74.5%


Using Layer [28*28, 60, 30, 10]  alpha(learning_rate = 0.08)    epochs=200000


Training Set Size       Test Set Size     Accurracy

3600                    400               76.3%
